// Jest Snapshot v1, https://goo.gl/fbAQLP

exports[`snapshot navbar 1`] = `<navbar />`;
