// Jest Snapshot v1, https://goo.gl/fbAQLP

exports[`snapshot ViewUsers 1`] = `
<div
  class="formDiv"
>
  <div
    id="random"
  >
     
  </div>
  <h2>
    Users
  </h2>
  <table
    className="table"
  />
</div>
`;
